(node:89144) [DEP0040] DeprecationWarning: The `punycode` module is deprecated. Please use a userland alternative instead.
(Use `node --trace-deprecation ...` to show where the warning was created)
void Will an AI agent win a Solana hackathon track this 200
void Will Kazakhstan score in their next football match 200
void Will it snow in Astana before October 15? 200
void Will 50 wallets bet on this app before midnight? 200
void Will Solana devnet stay up for the whole hackathon 200
void Will any pitch tonight run over 2 minutes? 200
void Will a team that restarted from scratch win the ha 200
void Will SOL close above $250 on Oct 7? 200
void Will the judges deal another restart card tonight? 200
void Will Viber Predict Reborn make it to the final pit 200
refund 0.1 SOL 200
refund 0.15 SOL 200
refund 0.2 SOL 200
refund 0.09 SOL 200
refund 0.03 SOL 200
refund 0.06 SOL 200
refund 0.05 SOL 200
refund 0.12 SOL 200
refund 0.04 SOL 200
refund 0.03 SOL 200
create Does Viber Reborn land a podium spot at Superteam  200
create Will the judges pull another restart card before d 200
create Will more than 20 teams make it to the demo stage  200
create Will a live demo crash on stage tonight? 200
create SOL above $200 at Friday's daily close? 200
create Bitcoin prints a new all-time high before November 200
create Firedancer runs on 20%+ of Solana stake by year en 200
create Solana hits 100M+ daily transactions any day this  200
create First snow in Astana before October 10? 200
create Astana hits +20°C again this October? 200
create Kairat win their next Premier League match? 200
create An open-weights model tops LMArena text before 202 200
create 100 wallets bet on Viber Reborn before midnight? 200
funded 10/30 with 0.09 SOL 4DE56NgiFt
funded 20/30 with 0.09 SOL 4L19x7F2zU
funded 30/30 with 0.09 SOL 5xb9sAL7hC
bets 10/115
bets 20/115
bets 30/115
bets 40/115
bets 50/115
bets 60/115
bets 70/115
bets 80/115
bets 90/115
bets 100/115
bets 110/115
done: 115 bets from 30 wallets on 13 markets
